client/src/pages/privacy.tsx(9,11): error TS2339: Property 'settings' does not exist on type '{ isLoading: boolean; websiteName: string; logo: string; favicon: string; companyName: string; email: string; phone: string; address: string; licenseNumber?: string | undefined; description: string; ... 45 more ...; maintenanceMode?: boolean | undefined; }'.
server/index.ts(76,26): error TS2345: Argument of type 'void | Server<typeof IncomingMessage, typeof ServerResponse>' is not assignable to parameter of type 'Server<typeof IncomingMessage, typeof ServerResponse>'.
  Type 'void' is not assignable to type 'Server<typeof IncomingMessage, typeof ServerResponse>'.
server/index.ts(89,12): error TS2339: Property 'listen' does not exist on type 'void | Server<typeof IncomingMessage, typeof ServerResponse>'.
  Property 'listen' does not exist on type 'void'.
server/index.ts(96,12): error TS2339: Property 'listen' does not exist on type 'void | Server<typeof IncomingMessage, typeof ServerResponse>'.
  Property 'listen' does not exist on type 'void'.
server/routes.ts(100,43): error TS2345: Argument of type 'string | Buffer | File[]' is not assignable to parameter of type 'string | Buffer'.
  Type 'File[]' is not assignable to type 'string | Buffer'.
    Type 'File[]' is missing the following properties from type 'Buffer': subarray, write, toJSON, equals, and 73 more.
